// Jest Snapshot v1, https://jestjs.io/docs/snapshot-testing

exports[`assembly starter catalog pins reviewed recipe quantities and compatibility metadata by version 1`] = `
[
  [
    "site-excavation",
    1,
    [
      [
        "excavation",
        1,
        "CY",
        "equipment|subcontractor|composite",
      ],
      [
        "haul",
        1,
        "CY|LS",
        "allowance|material|subcontractor|composite",
      ],
    ],
  ],
  [
    "slab-four-inch",
    1,
    [
      [
        "base",
        0.0417,
        "CY",
        "material|composite",
      ],
      [
        "concrete",
        0.01296,
        "CY",
        "material|composite",
      ],
      [
        "reinforcing",
        1.05,
        "SF",
        "material|composite",
      ],
      [
        "place-finish",
        1,
        "SF",
        "labor|subcontractor|composite",
      ],
    ],
  ],
  [
    "wall-2x4-16oc",
    1,
    [
      [
        "studs",
        0.1031,
        "EA",
        "material|composite",
      ],
      [
        "plates",
        0.0344,
        "EA",
        "material|composite",
      ],
      [
        "hardware",
        1,
        "SF|LS",
        "allowance|material|subcontractor|composite",
      ],
      [
        "labor",
        1,
        "SF",
        "labor|subcontractor|composite",
      ],
    ],
  ],
  [
    "roof-asphalt-shingle",
    1,
    [
      [
        "shingles",
        1.1,
        "SQ",
        "material|composite",
      ],
      [
        "underlayment",
        1.05,
        "SQ",
        "material|composite",
      ],
      [
        "starter-ridge",
        1,
        "SQ|LS",
        "allowance|material|subcontractor|composite",
      ],
      [
        "flashing",
        1,
        "SQ|LS",
        "allowance|material|subcontractor|composite",
      ],
      [
        "labor",
        1,
        "SQ",
        "labor|subcontractor|composite",
      ],
    ],
  ],
  [
    "vinyl-siding",
    1,
    [
      [
        "housewrap",
        1.05,
        "SF",
        "material|composite",
      ],
      [
        "siding",
        1.08,
        "SF",
        "material|composite",
      ],
      [
        "trim",
        1,
        "SF|LS",
        "allowance|material|subcontractor|composite",
      ],
      [
        "labor",
        1,
        "SF",
        "labor|subcontractor|composite",
      ],
    ],
  ],
  [
    "interior-door",
    1,
    [
      [
        "door",
        1,
        "EA",
        "material|composite",
      ],
      [
        "hardware",
        1,
        "EA",
        "material|composite",
      ],
      [
        "casing",
        1,
        "EA|LF|LS",
        "allowance|material|subcontractor|composite",
      ],
      [
        "labor",
        1,
        "EA",
        "labor|subcontractor|composite",
      ],
    ],
  ],
  [
    "drywall-half-inch",
    1,
    [
      [
        "board",
        1.1,
        "SF",
        "material|composite",
      ],
      [
        "finish-materials",
        1,
        "SF|LS",
        "allowance|material|subcontractor|composite",
      ],
      [
        "hang-labor",
        1,
        "SF",
        "labor|subcontractor|composite",
      ],
      [
        "finish-labor",
        1,
        "SF",
        "labor|subcontractor|composite",
      ],
    ],
  ],
  [
    "paint-interior-wall",
    1,
    [
      [
        "paint",
        0.0067,
        "GAL",
        "material|composite",
      ],
      [
        "sundries",
        1,
        "SF|LS",
        "allowance|material|subcontractor|composite",
      ],
      [
        "prep",
        1,
        "SF",
        "labor|subcontractor|composite",
      ],
      [
        "paint-labor",
        1,
        "SF",
        "labor|subcontractor|composite",
      ],
    ],
  ],
  [
    "lvp-floor",
    1,
    [
      [
        "flooring",
        1.1,
        "SF",
        "material|composite",
      ],
      [
        "underlayment",
        1.05,
        "SF",
        "material|composite",
      ],
      [
        "transitions",
        1,
        "SF|LF|LS",
        "allowance|material|subcontractor|composite",
      ],
      [
        "labor",
        1,
        "SF",
        "labor|subcontractor|composite",
      ],
    ],
  ],
  [
    "baseboard",
    1,
    [
      [
        "trim",
        1.1,
        "LF",
        "material|composite",
      ],
      [
        "fasteners",
        1,
        "LF|LS",
        "allowance|material|subcontractor|composite",
      ],
      [
        "labor",
        1,
        "LF",
        "labor|subcontractor|composite",
      ],
      [
        "finish",
        1,
        "LF",
        "labor|subcontractor|composite",
      ],
    ],
  ],
  [
    "receptacle",
    1,
    [
      [
        "device",
        1,
        "EA",
        "material|composite",
      ],
      [
        "box-wire",
        1,
        "EA|LS",
        "allowance|material|subcontractor|composite",
      ],
      [
        "labor",
        1,
        "EA",
        "labor|subcontractor|composite",
      ],
    ],
  ],
  [
    "toilet-replace",
    1,
    [
      [
        "fixture",
        1,
        "EA",
        "material|composite",
      ],
      [
        "connection",
        1,
        "EA",
        "material|composite",
      ],
      [
        "labor",
        1,
        "EA",
        "labor|subcontractor|composite",
      ],
      [
        "disposal",
        1,
        "EA|LS",
        "allowance|material|subcontractor|composite",
      ],
    ],
  ],
  [
    "mini-split-single-zone",
    1,
    [
      [
        "equipment",
        1,
        "EA",
        "material|equipment|subcontractor|composite",
      ],
      [
        "lineset",
        1,
        "EA|LF|LS",
        "allowance|material|subcontractor|composite",
      ],
      [
        "install",
        1,
        "EA",
        "labor|subcontractor|composite",
      ],
      [
        "startup",
        1,
        "EA",
        "labor|subcontractor|composite",
      ],
    ],
  ],
  [
    "deck-pressure-treated",
    1,
    [
      [
        "footings",
        1,
        "SF|LS",
        "allowance|material|subcontractor|composite",
      ],
      [
        "framing",
        1,
        "SF|LS",
        "allowance|material|subcontractor|composite",
      ],
      [
        "decking",
        1.1,
        "SF",
        "material|composite",
      ],
      [
        "hardware",
        1,
        "SF|LS",
        "allowance|material|subcontractor|composite",
      ],
      [
        "labor",
        1,
        "SF",
        "labor|subcontractor|composite",
      ],
    ],
  ],
]
`;
